// Jest Snapshot v1, https://goo.gl/fbAQLP

exports[`Hotspot component should match the snapshot 1`] = `
ShallowWrapper {
  Symbol(enzyme.__root__): [Circular],
  Symbol(enzyme.__unrendered__): <Hotspot
    currentUser={
        Object {
            "__v": 0,
            "_id": "5b9fd33136b3ce3cd934d36c",
            "image": "https://pbs.twimg.com/profile_images/1041718097172811776/59BwnDG__normal.jpg",
            "sightings": Array [
              Object {
                "_id": 1537200989704,
                "locationId": "L1743685",
                "speciesCode": "norsho",
              },
            ],
            "username": "PLady1224",
          }
    }
    hotspotId="L1743685"
    hotspots={
        Array [
            Object {
              "birds": Array [
                Object {
                  "comName": "Canada Goose",
                  "howMany": 10,
                  "lat": 39.7044793,
                  "lng": -105.0857735,
                  "locId": "L1743685",
                  "locName": "Belmar Park",
                  "locationPrivate": false,
                  "obsDt": "2018-09-09 12:15",
                  "obsReviewed": false,
                  "obsValid": true,
                  "sciName": "Branta canadensis",
                  "speciesCode": "cangoo",
                },
                Object {
                  "comName": "Graylag Goose (Domestic type) x Canada Goose (hybrid)",
                  "howMany": 1,
                  "lat": 39.7044793,
                  "lng": -105.0857735,
                  "locId": "L1743685",
                  "locName": "Belmar Park",
                  "locationPrivate": false,
                  "obsDt": "2018-09-09 12:15",
                  "obsReviewed": false,
                  "obsValid": true,
                  "sciName": "Anser anser (Domestic type) x Branta canadensis",
                  "speciesCode": "gragoo4",
                },
                Object {
                  "comName": "Mallard",
                  "howMany": 14,
                  "lat": 39.7044793,
                  "lng": -105.0857735,
                  "locId": "L1743685",
                  "locName": "Belmar Park",
                  "locationPrivate": false,
                  "obsDt": "2018-09-09 12:15",
                  "obsReviewed": false,
                  "obsValid": true,
                  "sciName": "Anas platyrhynchos",
                  "speciesCode": "mallar3",
                },
                Object {
                  "comName": "Ring-billed Gull",
                  "howMany": 2,
                  "lat": 39.7044793,
                  "lng": -105.0857735,
                  "locId": "L1743685",
                  "locName": "Belmar Park",
                  "locationPrivate": false,
                  "obsDt": "2018-09-09 12:15",
                  "obsReviewed": false,
                  "obsValid": true,
                  "sciName": "Larus delawarensis",
                  "speciesCode": "ribgul",
                },
                Object {
                  "comName": "Double-crested Cormorant",
                  "howMany": 4,
                  "lat": 39.7044793,
                  "lng": -105.0857735,
                  "locId": "L1743685",
                  "locName": "Belmar Park",
                  "locationPrivate": false,
                  "obsDt": "2018-09-09 12:15",
                  "obsReviewed": false,
                  "obsValid": true,
                  "sciName": "Phalacrocorax auritus",
                  "speciesCode": "doccor",
                },
                Object {
                  "comName": "Great Blue Heron",
                  "howMany": 1,
                  "lat": 39.7044793,
                  "lng": -105.0857735,
                  "locId": "L1743685",
                  "locName": "Belmar Park",
                  "locationPrivate": false,
                  "obsDt": "2018-09-09 12:15",
                  "obsReviewed": false,
                  "obsValid": true,
                  "sciName": "Ardea herodias",
                  "speciesCode": "grbher3",
                },
              ],
              "countryCode": "US",
              "lat": 39.7044793,
              "lng": -105.0857735,
              "locID": "L1743685",
              "locId": "L1743685",
              "locName": "Belmar Park",
              "subnational1Code": "US-CO",
              "subnational2Code": "US-CO-059",
            },
          ]
    }
    toggleBirdSighting={[Function]}
/>,
  Symbol(enzyme.__renderer__): Object {
    "batchedUpdates": [Function],
    "getNode": [Function],
    "render": [Function],
    "simulateEvent": [Function],
    "unmount": [Function],
  },
  Symbol(enzyme.__node__): Object {
    "instance": null,
    "key": undefined,
    "nodeType": "host",
    "props": Object {
      "children": Array [
        <withRouter()
          currentPage="Hotspot Info"
/>,
        <main
          className="main-content"
>
          <h2>
                    Belmar Park
          </h2>
          <div
                    className="birds"
          >
                    <form>
                              <div
                                        className="bird"
                              >
                                        <Link
                                                  className="bird-link"
                                                  replace={false}
                                                  to="/hotspots/L1743685/cangoo"
                                        >
                                                  Canada Goose
                                        </Link>
                                        <input
                                                  checked={false}
                                                  className="checkbox-input"
                                                  name="cangoo"
                                                  onChange={[Function]}
                                                  type="checkbox"
                                        />
                              </div>
                              <div
                                        className="bird"
                              >
                                        <Link
                                                  className="bird-link"
                                                  replace={false}
                                                  to="/hotspots/L1743685/gragoo4"
                                        >
                                                  Graylag Goose (Domestic type) x Canada Goose (hybrid)
                                        </Link>
                                        <input
                                                  checked={false}
                                                  className="checkbox-input"
                                                  name="gragoo4"
                                                  onChange={[Function]}
                                                  type="checkbox"
                                        />
                              </div>
                              <div
                                        className="bird"
                              >
                                        <Link
                                                  className="bird-link"
                                                  replace={false}
                                                  to="/hotspots/L1743685/mallar3"
                                        >
                                                  Mallard
                                        </Link>
                                        <input
                                                  checked={false}
                                                  className="checkbox-input"
                                                  name="mallar3"
                                                  onChange={[Function]}
                                                  type="checkbox"
                                        />
                              </div>
                              <div
                                        className="bird"
                              >
                                        <Link
                                                  className="bird-link"
                                                  replace={false}
                                                  to="/hotspots/L1743685/ribgul"
                                        >
                                                  Ring-billed Gull
                                        </Link>
                                        <input
                                                  checked={false}
                                                  className="checkbox-input"
                                                  name="ribgul"
                                                  onChange={[Function]}
                                                  type="checkbox"
                                        />
                              </div>
                              <div
                                        className="bird"
                              >
                                        <Link
                                                  className="bird-link"
                                                  replace={false}
                                                  to="/hotspots/L1743685/doccor"
                                        >
                                                  Double-crested Cormorant
                                        </Link>
                                        <input
                                                  checked={false}
                                                  className="checkbox-input"
                                                  name="doccor"
                                                  onChange={[Function]}
                                                  type="checkbox"
                                        />
                              </div>
                              <div
                                        className="bird"
                              >
                                        <Link
                                                  className="bird-link"
                                                  replace={false}
                                                  to="/hotspots/L1743685/grbher3"
                                        >
                                                  Great Blue Heron
                                        </Link>
                                        <input
                                                  checked={false}
                                                  className="checkbox-input"
                                                  name="grbher3"
                                                  onChange={[Function]}
                                                  type="checkbox"
                                        />
                              </div>
                    </form>
          </div>
          <Link
                    className="twitter-button"
                    replace={false}
                    to="/tweet"
          >
                    Tweet Recent Sighting!
          </Link>
</main>,
      ],
      "className": "hotspot",
    },
    "ref": null,
    "rendered": Array [
      Object {
        "instance": null,
        "key": undefined,
        "nodeType": "function",
        "props": Object {
          "currentPage": "Hotspot Info",
        },
        "ref": null,
        "rendered": null,
        "type": [Function],
      },
      Object {
        "instance": null,
        "key": undefined,
        "nodeType": "host",
        "props": Object {
          "children": Array [
            <h2>
              Belmar Park
</h2>,
            <div
              className="birds"
>
              <form>
                            <div
                                          className="bird"
                            >
                                          <Link
                                                        className="bird-link"
                                                        replace={false}
                                                        to="/hotspots/L1743685/cangoo"
                                          >
                                                        Canada Goose
                                          </Link>
                                          <input
                                                        checked={false}
                                                        className="checkbox-input"
                                                        name="cangoo"
                                                        onChange={[Function]}
                                                        type="checkbox"
                                          />
                            </div>
                            <div
                                          className="bird"
                            >
                                          <Link
                                                        className="bird-link"
                                                        replace={false}
                                                        to="/hotspots/L1743685/gragoo4"
                                          >
                                                        Graylag Goose (Domestic type) x Canada Goose (hybrid)
                                          </Link>
                                          <input
                                                        checked={false}
                                                        className="checkbox-input"
                                                        name="gragoo4"
                                                        onChange={[Function]}
                                                        type="checkbox"
                                          />
                            </div>
                            <div
                                          className="bird"
                            >
                                          <Link
                                                        className="bird-link"
                                                        replace={false}
                                                        to="/hotspots/L1743685/mallar3"
                                          >
                                                        Mallard
                                          </Link>
                                          <input
                                                        checked={false}
                                                        className="checkbox-input"
                                                        name="mallar3"
                                                        onChange={[Function]}
                                                        type="checkbox"
                                          />
                            </div>
                            <div
                                          className="bird"
                            >
                                          <Link
                                                        className="bird-link"
                                                        replace={false}
                                                        to="/hotspots/L1743685/ribgul"
                                          >
                                                        Ring-billed Gull
                                          </Link>
                                          <input
                                                        checked={false}
                                                        className="checkbox-input"
                                                        name="ribgul"
                                                        onChange={[Function]}
                                                        type="checkbox"
                                          />
                            </div>
                            <div
                                          className="bird"
                            >
                                          <Link
                                                        className="bird-link"
                                                        replace={false}
                                                        to="/hotspots/L1743685/doccor"
                                          >
                                                        Double-crested Cormorant
                                          </Link>
                                          <input
                                                        checked={false}
                                                        className="checkbox-input"
                                                        name="doccor"
                                                        onChange={[Function]}
                                                        type="checkbox"
                                          />
                            </div>
                            <div
                                          className="bird"
                            >
                                          <Link
                                                        className="bird-link"
                                                        replace={false}
                                                        to="/hotspots/L1743685/grbher3"
                                          >
                                                        Great Blue Heron
                                          </Link>
                                          <input
                                                        checked={false}
                                                        className="checkbox-input"
                                                        name="grbher3"
                                                        onChange={[Function]}
                                                        type="checkbox"
                                          />
                            </div>
              </form>
</div>,
            <Link
              className="twitter-button"
              replace={false}
              to="/tweet"
>
              Tweet Recent Sighting!
</Link>,
          ],
          "className": "main-content",
        },
        "ref": null,
        "rendered": Array [
          Object {
            "instance": null,
            "key": undefined,
            "nodeType": "host",
            "props": Object {
              "children": "Belmar Park",
            },
            "ref": null,
            "rendered": "Belmar Park",
            "type": "h2",
          },
          Object {
            "instance": null,
            "key": undefined,
            "nodeType": "host",
            "props": Object {
              "children": <form>
                <div
                                className="bird"
                >
                                <Link
                                                className="bird-link"
                                                replace={false}
                                                to="/hotspots/L1743685/cangoo"
                                >
                                                Canada Goose
                                </Link>
                                <input
                                                checked={false}
                                                className="checkbox-input"
                                                name="cangoo"
                                                onChange={[Function]}
                                                type="checkbox"
                                />
                </div>
                <div
                                className="bird"
                >
                                <Link
                                                className="bird-link"
                                                replace={false}
                                                to="/hotspots/L1743685/gragoo4"
                                >
                                                Graylag Goose (Domestic type) x Canada Goose (hybrid)
                                </Link>
                                <input
                                                checked={false}
                                                className="checkbox-input"
                                                name="gragoo4"
                                                onChange={[Function]}
                                                type="checkbox"
                                />
                </div>
                <div
                                className="bird"
                >
                                <Link
                                                className="bird-link"
                                                replace={false}
                                                to="/hotspots/L1743685/mallar3"
                                >
                                                Mallard
                                </Link>
                                <input
                                                checked={false}
                                                className="checkbox-input"
                                                name="mallar3"
                                                onChange={[Function]}
                                                type="checkbox"
                                />
                </div>
                <div
                                className="bird"
                >
                                <Link
                                                className="bird-link"
                                                replace={false}
                                                to="/hotspots/L1743685/ribgul"
                                >
                                                Ring-billed Gull
                                </Link>
                                <input
                                                checked={false}
                                                className="checkbox-input"
                                                name="ribgul"
                                                onChange={[Function]}
                                                type="checkbox"
                                />
                </div>
                <div
                                className="bird"
                >
                                <Link
                                                className="bird-link"
                                                replace={false}
                                                to="/hotspots/L1743685/doccor"
                                >
                                                Double-crested Cormorant
                                </Link>
                                <input
                                                checked={false}
                                                className="checkbox-input"
                                                name="doccor"
                                                onChange={[Function]}
                                                type="checkbox"
                                />
                </div>
                <div
                                className="bird"
                >
                                <Link
                                                className="bird-link"
                                                replace={false}
                                                to="/hotspots/L1743685/grbher3"
                                >
                                                Great Blue Heron
                                </Link>
                                <input
                                                checked={false}
                                                className="checkbox-input"
                                                name="grbher3"
                                                onChange={[Function]}
                                                type="checkbox"
                                />
                </div>
</form>,
              "className": "birds",
            },
            "ref": null,
            "rendered": Object {
              "instance": null,
              "key": undefined,
              "nodeType": "host",
              "props": Object {
                "children": Array [
                  <div
                    className="bird"
>
                    <Link
                                        className="bird-link"
                                        replace={false}
                                        to="/hotspots/L1743685/cangoo"
                    >
                                        Canada Goose
                    </Link>
                    <input
                                        checked={false}
                                        className="checkbox-input"
                                        name="cangoo"
                                        onChange={[Function]}
                                        type="checkbox"
                    />
</div>,
                  <div
                    className="bird"
>
                    <Link
                                        className="bird-link"
                                        replace={false}
                                        to="/hotspots/L1743685/gragoo4"
                    >
                                        Graylag Goose (Domestic type) x Canada Goose (hybrid)
                    </Link>
                    <input
                                        checked={false}
                                        className="checkbox-input"
                                        name="gragoo4"
                                        onChange={[Function]}
                                        type="checkbox"
                    />
</div>,
                  <div
                    className="bird"
>
                    <Link
                                        className="bird-link"
                                        replace={false}
                                        to="/hotspots/L1743685/mallar3"
                    >
                                        Mallard
                    </Link>
                    <input
                                        checked={false}
                                        className="checkbox-input"
                                        name="mallar3"
                                        onChange={[Function]}
                                        type="checkbox"
                    />
</div>,
                  <div
                    className="bird"
>
                    <Link
                                        className="bird-link"
                                        replace={false}
                                        to="/hotspots/L1743685/ribgul"
                    >
                                        Ring-billed Gull
                    </Link>
                    <input
                                        checked={false}
                                        className="checkbox-input"
                                        name="ribgul"
                                        onChange={[Function]}
                                        type="checkbox"
                    />
</div>,
                  <div
                    className="bird"
>
                    <Link
                                        className="bird-link"
                                        replace={false}
                                        to="/hotspots/L1743685/doccor"
                    >
                                        Double-crested Cormorant
                    </Link>
                    <input
                                        checked={false}
                                        className="checkbox-input"
                                        name="doccor"
                                        onChange={[Function]}
                                        type="checkbox"
                    />
</div>,
                  <div
                    className="bird"
>
                    <Link
                                        className="bird-link"
                                        replace={false}
                                        to="/hotspots/L1743685/grbher3"
                    >
                                        Great Blue Heron
                    </Link>
                    <input
                                        checked={false}
                                        className="checkbox-input"
                                        name="grbher3"
                                        onChange={[Function]}
                                        type="checkbox"
                    />
</div>,
                ],
              },
              "ref": null,
              "rendered": Array [
                Object {
                  "instance": null,
                  "key": "0-cangoo",
                  "nodeType": "host",
                  "props": Object {
                    "children": Array [
                      <Link
                        className="bird-link"
                        replace={false}
                        to="/hotspots/L1743685/cangoo"
>
                        Canada Goose
</Link>,
                      <input
                        checked={false}
                        className="checkbox-input"
                        name="cangoo"
                        onChange={[Function]}
                        type="checkbox"
/>,
                    ],
                    "className": "bird",
                  },
                  "ref": null,
                  "rendered": Array [
                    Object {
                      "instance": null,
                      "key": undefined,
                      "nodeType": "class",
                      "props": Object {
                        "children": "Canada Goose",
                        "className": "bird-link",
                        "replace": false,
                        "to": "/hotspots/L1743685/cangoo",
                      },
                      "ref": null,
                      "rendered": "Canada Goose",
                      "type": [Function],
                    },
                    Object {
                      "instance": null,
                      "key": undefined,
                      "nodeType": "host",
                      "props": Object {
                        "checked": false,
                        "className": "checkbox-input",
                        "name": "cangoo",
                        "onChange": [Function],
                        "type": "checkbox",
                      },
                      "ref": null,
                      "rendered": null,
                      "type": "input",
                    },
                  ],
                  "type": "div",
                },
                Object {
                  "instance": null,
                  "key": "1-gragoo4",
                  "nodeType": "host",
                  "props": Object {
                    "children": Array [
                      <Link
                        className="bird-link"
                        replace={false}
                        to="/hotspots/L1743685/gragoo4"
>
                        Graylag Goose (Domestic type) x Canada Goose (hybrid)
</Link>,
                      <input
                        checked={false}
                        className="checkbox-input"
                        name="gragoo4"
                        onChange={[Function]}
                        type="checkbox"
/>,
                    ],
                    "className": "bird",
                  },
                  "ref": null,
                  "rendered": Array [
                    Object {
                      "instance": null,
                      "key": undefined,
                      "nodeType": "class",
                      "props": Object {
                        "children": "Graylag Goose (Domestic type) x Canada Goose (hybrid)",
                        "className": "bird-link",
                        "replace": false,
                        "to": "/hotspots/L1743685/gragoo4",
                      },
                      "ref": null,
                      "rendered": "Graylag Goose (Domestic type) x Canada Goose (hybrid)",
                      "type": [Function],
                    },
                    Object {
                      "instance": null,
                      "key": undefined,
                      "nodeType": "host",
                      "props": Object {
                        "checked": false,
                        "className": "checkbox-input",
                        "name": "gragoo4",
                        "onChange": [Function],
                        "type": "checkbox",
                      },
                      "ref": null,
                      "rendered": null,
                      "type": "input",
                    },
                  ],
                  "type": "div",
                },
                Object {
                  "instance": null,
                  "key": "2-mallar3",
                  "nodeType": "host",
                  "props": Object {
                    "children": Array [
                      <Link
                        className="bird-link"
                        replace={false}
                        to="/hotspots/L1743685/mallar3"
>
                        Mallard
</Link>,
                      <input
                        checked={false}
                        className="checkbox-input"
                        name="mallar3"
                        onChange={[Function]}
                        type="checkbox"
/>,
                    ],
                    "className": "bird",
                  },
                  "ref": null,
                  "rendered": Array [
                    Object {
                      "instance": null,
                      "key": undefined,
                      "nodeType": "class",
                      "props": Object {
                        "children": "Mallard",
                        "className": "bird-link",
                        "replace": false,
                        "to": "/hotspots/L1743685/mallar3",
                      },
                      "ref": null,
                      "rendered": "Mallard",
                      "type": [Function],
                    },
                    Object {
                      "instance": null,
                      "key": undefined,
                      "nodeType": "host",
                      "props": Object {
                        "checked": false,
                        "className": "checkbox-input",
                        "name": "mallar3",
                        "onChange": [Function],
                        "type": "checkbox",
                      },
                      "ref": null,
                      "rendered": null,
                      "type": "input",
                    },
                  ],
                  "type": "div",
                },
                Object {
                  "instance": null,
                  "key": "3-ribgul",
                  "nodeType": "host",
                  "props": Object {
                    "children": Array [
                      <Link
                        className="bird-link"
                        replace={false}
                        to="/hotspots/L1743685/ribgul"
>
                        Ring-billed Gull
</Link>,
                      <input
                        checked={false}
                        className="checkbox-input"
                        name="ribgul"
                        onChange={[Function]}
                        type="checkbox"
/>,
                    ],
                    "className": "bird",
                  },
                  "ref": null,
                  "rendered": Array [
                    Object {
                      "instance": null,
                      "key": undefined,
                      "nodeType": "class",
                      "props": Object {
                        "children": "Ring-billed Gull",
                        "className": "bird-link",
                        "replace": false,
                        "to": "/hotspots/L1743685/ribgul",
                      },
                      "ref": null,
                      "rendered": "Ring-billed Gull",
                      "type": [Function],
                    },
                    Object {
                      "instance": null,
                      "key": undefined,
                      "nodeType": "host",
                      "props": Object {
                        "checked": false,
                        "className": "checkbox-input",
                        "name": "ribgul",
                        "onChange": [Function],
                        "type": "checkbox",
                      },
                      "ref": null,
                      "rendered": null,
                      "type": "input",
                    },
                  ],
                  "type": "div",
                },
                Object {
                  "instance": null,
                  "key": "4-doccor",
                  "nodeType": "host",
                  "props": Object {
                    "children": Array [
                      <Link
                        className="bird-link"
                        replace={false}
                        to="/hotspots/L1743685/doccor"
>
                        Double-crested Cormorant
</Link>,
                      <input
                        checked={false}
                        className="checkbox-input"
                        name="doccor"
                        onChange={[Function]}
                        type="checkbox"
/>,
                    ],
                    "className": "bird",
                  },
                  "ref": null,
                  "rendered": Array [
                    Object {
                      "instance": null,
                      "key": undefined,
                      "nodeType": "class",
                      "props": Object {
                        "children": "Double-crested Cormorant",
                        "className": "bird-link",
                        "replace": false,
                        "to": "/hotspots/L1743685/doccor",
                      },
                      "ref": null,
                      "rendered": "Double-crested Cormorant",
                      "type": [Function],
                    },
                    Object {
                      "instance": null,
                      "key": undefined,
                      "nodeType": "host",
                      "props": Object {
                        "checked": false,
                        "className": "checkbox-input",
                        "name": "doccor",
                        "onChange": [Function],
                        "type": "checkbox",
                      },
                      "ref": null,
                      "rendered": null,
                      "type": "input",
                    },
                  ],
                  "type": "div",
                },
                Object {
                  "instance": null,
                  "key": "5-grbher3",
                  "nodeType": "host",
                  "props": Object {
                    "children": Array [
                      <Link
                        className="bird-link"
                        replace={false}
                        to="/hotspots/L1743685/grbher3"
>
                        Great Blue Heron
</Link>,
                      <input
                        checked={false}
                        className="checkbox-input"
                        name="grbher3"
                        onChange={[Function]}
                        type="checkbox"
/>,
                    ],
                    "className": "bird",
                  },
                  "ref": null,
                  "rendered": Array [
                    Object {
                      "instance": null,
                      "key": undefined,
                      "nodeType": "class",
                      "props": Object {
                        "children": "Great Blue Heron",
                        "className": "bird-link",
                        "replace": false,
                        "to": "/hotspots/L1743685/grbher3",
                      },
                      "ref": null,
                      "rendered": "Great Blue Heron",
                      "type": [Function],
                    },
                    Object {
                      "instance": null,
                      "key": undefined,
                      "nodeType": "host",
                      "props": Object {
                        "checked": false,
                        "className": "checkbox-input",
                        "name": "grbher3",
                        "onChange": [Function],
                        "type": "checkbox",
                      },
                      "ref": null,
                      "rendered": null,
                      "type": "input",
                    },
                  ],
                  "type": "div",
                },
              ],
              "type": "form",
            },
            "type": "div",
          },
          Object {
            "instance": null,
            "key": undefined,
            "nodeType": "class",
            "props": Object {
              "children": "Tweet Recent Sighting!",
              "className": "twitter-button",
              "replace": false,
              "to": "/tweet",
            },
            "ref": null,
            "rendered": "Tweet Recent Sighting!",
            "type": [Function],
          },
        ],
        "type": "main",
      },
    ],
    "type": "div",
  },
  Symbol(enzyme.__nodes__): Array [
    Object {
      "instance": null,
      "key": undefined,
      "nodeType": "host",
      "props": Object {
        "children": Array [
          <withRouter()
            currentPage="Hotspot Info"
/>,
          <main
            className="main-content"
>
            <h2>
                        Belmar Park
            </h2>
            <div
                        className="birds"
            >
                        <form>
                                    <div
                                                className="bird"
                                    >
                                                <Link
                                                            className="bird-link"
                                                            replace={false}
                                                            to="/hotspots/L1743685/cangoo"
                                                >
                                                            Canada Goose
                                                </Link>
                                                <input
                                                            checked={false}
                                                            className="checkbox-input"
                                                            name="cangoo"
                                                            onChange={[Function]}
                                                            type="checkbox"
                                                />
                                    </div>
                                    <div
                                                className="bird"
                                    >
                                                <Link
                                                            className="bird-link"
                                                            replace={false}
                                                            to="/hotspots/L1743685/gragoo4"
                                                >
                                                            Graylag Goose (Domestic type) x Canada Goose (hybrid)
                                                </Link>
                                                <input
                                                            checked={false}
                                                            className="checkbox-input"
                                                            name="gragoo4"
                                                            onChange={[Function]}
                                                            type="checkbox"
                                                />
                                    </div>
                                    <div
                                                className="bird"
                                    >
                                                <Link
                                                            className="bird-link"
                                                            replace={false}
                                                            to="/hotspots/L1743685/mallar3"
                                                >
                                                            Mallard
                                                </Link>
                                                <input
                                                            checked={false}
                                                            className="checkbox-input"
                                                            name="mallar3"
                                                            onChange={[Function]}
                                                            type="checkbox"
                                                />
                                    </div>
                                    <div
                                                className="bird"
                                    >
                                                <Link
                                                            className="bird-link"
                                                            replace={false}
                                                            to="/hotspots/L1743685/ribgul"
                                                >
                                                            Ring-billed Gull
                                                </Link>
                                                <input
                                                            checked={false}
                                                            className="checkbox-input"
                                                            name="ribgul"
                                                            onChange={[Function]}
                                                            type="checkbox"
                                                />
                                    </div>
                                    <div
                                                className="bird"
                                    >
                                                <Link
                                                            className="bird-link"
                                                            replace={false}
                                                            to="/hotspots/L1743685/doccor"
                                                >
                                                            Double-crested Cormorant
                                                </Link>
                                                <input
                                                            checked={false}
                                                            className="checkbox-input"
                                                            name="doccor"
                                                            onChange={[Function]}
                                                            type="checkbox"
                                                />
                                    </div>
                                    <div
                                                className="bird"
                                    >
                                                <Link
                                                            className="bird-link"
                                                            replace={false}
                                                            to="/hotspots/L1743685/grbher3"
                                                >
                                                            Great Blue Heron
                                                </Link>
                                                <input
                                                            checked={false}
                                                            className="checkbox-input"
                                                            name="grbher3"
                                                            onChange={[Function]}
                                                            type="checkbox"
                                                />
                                    </div>
                        </form>
            </div>
            <Link
                        className="twitter-button"
                        replace={false}
                        to="/tweet"
            >
                        Tweet Recent Sighting!
            </Link>
</main>,
        ],
        "className": "hotspot",
      },
      "ref": null,
      "rendered": Array [
        Object {
          "instance": null,
          "key": undefined,
          "nodeType": "function",
          "props": Object {
            "currentPage": "Hotspot Info",
          },
          "ref": null,
          "rendered": null,
          "type": [Function],
        },
        Object {
          "instance": null,
          "key": undefined,
          "nodeType": "host",
          "props": Object {
            "children": Array [
              <h2>
                Belmar Park
</h2>,
              <div
                className="birds"
>
                <form>
                                <div
                                                className="bird"
                                >
                                                <Link
                                                                className="bird-link"
                                                                replace={false}
                                                                to="/hotspots/L1743685/cangoo"
                                                >
                                                                Canada Goose
                                                </Link>
                                                <input
                                                                checked={false}
                                                                className="checkbox-input"
                                                                name="cangoo"
                                                                onChange={[Function]}
                                                                type="checkbox"
                                                />
                                </div>
                                <div
                                                className="bird"
                                >
                                                <Link
                                                                className="bird-link"
                                                                replace={false}
                                                                to="/hotspots/L1743685/gragoo4"
                                                >
                                                                Graylag Goose (Domestic type) x Canada Goose (hybrid)
                                                </Link>
                                                <input
                                                                checked={false}
                                                                className="checkbox-input"
                                                                name="gragoo4"
                                                                onChange={[Function]}
                                                                type="checkbox"
                                                />
                                </div>
                                <div
                                                className="bird"
                                >
                                                <Link
                                                                className="bird-link"
                                                                replace={false}
                                                                to="/hotspots/L1743685/mallar3"
                                                >
                                                                Mallard
                                                </Link>
                                                <input
                                                                checked={false}
                                                                className="checkbox-input"
                                                                name="mallar3"
                                                                onChange={[Function]}
                                                                type="checkbox"
                                                />
                                </div>
                                <div
                                                className="bird"
                                >
                                                <Link
                                                                className="bird-link"
                                                                replace={false}
                                                                to="/hotspots/L1743685/ribgul"
                                                >
                                                                Ring-billed Gull
                                                </Link>
                                                <input
                                                                checked={false}
                                                                className="checkbox-input"
                                                                name="ribgul"
                                                                onChange={[Function]}
                                                                type="checkbox"
                                                />
                                </div>
                                <div
                                                className="bird"
                                >
                                                <Link
                                                                className="bird-link"
                                                                replace={false}
                                                                to="/hotspots/L1743685/doccor"
                                                >
                                                                Double-crested Cormorant
                                                </Link>
                                                <input
                                                                checked={false}
                                                                className="checkbox-input"
                                                                name="doccor"
                                                                onChange={[Function]}
                                                                type="checkbox"
                                                />
                                </div>
                                <div
                                                className="bird"
                                >
                                                <Link
                                                                className="bird-link"
                                                                replace={false}
                                                                to="/hotspots/L1743685/grbher3"
                                                >
                                                                Great Blue Heron
                                                </Link>
                                                <input
                                                                checked={false}
                                                                className="checkbox-input"
                                                                name="grbher3"
                                                                onChange={[Function]}
                                                                type="checkbox"
                                                />
                                </div>
                </form>
</div>,
              <Link
                className="twitter-button"
                replace={false}
                to="/tweet"
>
                Tweet Recent Sighting!
</Link>,
            ],
            "className": "main-content",
          },
          "ref": null,
          "rendered": Array [
            Object {
              "instance": null,
              "key": undefined,
              "nodeType": "host",
              "props": Object {
                "children": "Belmar Park",
              },
              "ref": null,
              "rendered": "Belmar Park",
              "type": "h2",
            },
            Object {
              "instance": null,
              "key": undefined,
              "nodeType": "host",
              "props": Object {
                "children": <form>
                  <div
                                    className="bird"
                  >
                                    <Link
                                                      className="bird-link"
                                                      replace={false}
                                                      to="/hotspots/L1743685/cangoo"
                                    >
                                                      Canada Goose
                                    </Link>
                                    <input
                                                      checked={false}
                                                      className="checkbox-input"
                                                      name="cangoo"
                                                      onChange={[Function]}
                                                      type="checkbox"
                                    />
                  </div>
                  <div
                                    className="bird"
                  >
                                    <Link
                                                      className="bird-link"
                                                      replace={false}
                                                      to="/hotspots/L1743685/gragoo4"
                                    >
                                                      Graylag Goose (Domestic type) x Canada Goose (hybrid)
                                    </Link>
                                    <input
                                                      checked={false}
                                                      className="checkbox-input"
                                                      name="gragoo4"
                                                      onChange={[Function]}
                                                      type="checkbox"
                                    />
                  </div>
                  <div
                                    className="bird"
                  >
                                    <Link
                                                      className="bird-link"
                                                      replace={false}
                                                      to="/hotspots/L1743685/mallar3"
                                    >
                                                      Mallard
                                    </Link>
                                    <input
                                                      checked={false}
                                                      className="checkbox-input"
                                                      name="mallar3"
                                                      onChange={[Function]}
                                                      type="checkbox"
                                    />
                  </div>
                  <div
                                    className="bird"
                  >
                                    <Link
                                                      className="bird-link"
                                                      replace={false}
                                                      to="/hotspots/L1743685/ribgul"
                                    >
                                                      Ring-billed Gull
                                    </Link>
                                    <input
                                                      checked={false}
                                                      className="checkbox-input"
                                                      name="ribgul"
                                                      onChange={[Function]}
                                                      type="checkbox"
                                    />
                  </div>
                  <div
                                    className="bird"
                  >
                                    <Link
                                                      className="bird-link"
                                                      replace={false}
                                                      to="/hotspots/L1743685/doccor"
                                    >
                                                      Double-crested Cormorant
                                    </Link>
                                    <input
                                                      checked={false}
                                                      className="checkbox-input"
                                                      name="doccor"
                                                      onChange={[Function]}
                                                      type="checkbox"
                                    />
                  </div>
                  <div
                                    className="bird"
                  >
                                    <Link
                                                      className="bird-link"
                                                      replace={false}
                                                      to="/hotspots/L1743685/grbher3"
                                    >
                                                      Great Blue Heron
                                    </Link>
                                    <input
                                                      checked={false}
                                                      className="checkbox-input"
                                                      name="grbher3"
                                                      onChange={[Function]}
                                                      type="checkbox"
                                    />
                  </div>
</form>,
                "className": "birds",
              },
              "ref": null,
              "rendered": Object {
                "instance": null,
                "key": undefined,
                "nodeType": "host",
                "props": Object {
                  "children": Array [
                    <div
                      className="bird"
>
                      <Link
                                            className="bird-link"
                                            replace={false}
                                            to="/hotspots/L1743685/cangoo"
                      >
                                            Canada Goose
                      </Link>
                      <input
                                            checked={false}
                                            className="checkbox-input"
                                            name="cangoo"
                                            onChange={[Function]}
                                            type="checkbox"
                      />
</div>,
                    <div
                      className="bird"
>
                      <Link
                                            className="bird-link"
                                            replace={false}
                                            to="/hotspots/L1743685/gragoo4"
                      >
                                            Graylag Goose (Domestic type) x Canada Goose (hybrid)
                      </Link>
                      <input
                                            checked={false}
                                            className="checkbox-input"
                                            name="gragoo4"
                                            onChange={[Function]}
                                            type="checkbox"
                      />
</div>,
                    <div
                      className="bird"
>
                      <Link
                                            className="bird-link"
                                            replace={false}
                                            to="/hotspots/L1743685/mallar3"
                      >
                                            Mallard
                      </Link>
                      <input
                                            checked={false}
                                            className="checkbox-input"
                                            name="mallar3"
                                            onChange={[Function]}
                                            type="checkbox"
                      />
</div>,
                    <div
                      className="bird"
>
                      <Link
                                            className="bird-link"
                                            replace={false}
                                            to="/hotspots/L1743685/ribgul"
                      >
                                            Ring-billed Gull
                      </Link>
                      <input
                                            checked={false}
                                            className="checkbox-input"
                                            name="ribgul"
                                            onChange={[Function]}
                                            type="checkbox"
                      />
</div>,
                    <div
                      className="bird"
>
                      <Link
                                            className="bird-link"
                                            replace={false}
                                            to="/hotspots/L1743685/doccor"
                      >
                                            Double-crested Cormorant
                      </Link>
                      <input
                                            checked={false}
                                            className="checkbox-input"
                                            name="doccor"
                                            onChange={[Function]}
                                            type="checkbox"
                      />
</div>,
                    <div
                      className="bird"
>
                      <Link
                                            className="bird-link"
                                            replace={false}
                                            to="/hotspots/L1743685/grbher3"
                      >
                                            Great Blue Heron
                      </Link>
                      <input
                                            checked={false}
                                            className="checkbox-input"
                                            name="grbher3"
                                            onChange={[Function]}
                                            type="checkbox"
                      />
</div>,
                  ],
                },
                "ref": null,
                "rendered": Array [
                  Object {
                    "instance": null,
                    "key": "0-cangoo",
                    "nodeType": "host",
                    "props": Object {
                      "children": Array [
                        <Link
                          className="bird-link"
                          replace={false}
                          to="/hotspots/L1743685/cangoo"
>
                          Canada Goose
</Link>,
                        <input
                          checked={false}
                          className="checkbox-input"
                          name="cangoo"
                          onChange={[Function]}
                          type="checkbox"
/>,
                      ],
                      "className": "bird",
                    },
                    "ref": null,
                    "rendered": Array [
                      Object {
                        "instance": null,
                        "key": undefined,
                        "nodeType": "class",
                        "props": Object {
                          "children": "Canada Goose",
                          "className": "bird-link",
                          "replace": false,
                          "to": "/hotspots/L1743685/cangoo",
                        },
                        "ref": null,
                        "rendered": "Canada Goose",
                        "type": [Function],
                      },
                      Object {
                        "instance": null,
                        "key": undefined,
                        "nodeType": "host",
                        "props": Object {
                          "checked": false,
                          "className": "checkbox-input",
                          "name": "cangoo",
                          "onChange": [Function],
                          "type": "checkbox",
                        },
                        "ref": null,
                        "rendered": null,
                        "type": "input",
                      },
                    ],
                    "type": "div",
                  },
                  Object {
                    "instance": null,
                    "key": "1-gragoo4",
                    "nodeType": "host",
                    "props": Object {
                      "children": Array [
                        <Link
                          className="bird-link"
                          replace={false}
                          to="/hotspots/L1743685/gragoo4"
>
                          Graylag Goose (Domestic type) x Canada Goose (hybrid)
</Link>,
                        <input
                          checked={false}
                          className="checkbox-input"
                          name="gragoo4"
                          onChange={[Function]}
                          type="checkbox"
/>,
                      ],
                      "className": "bird",
                    },
                    "ref": null,
                    "rendered": Array [
                      Object {
                        "instance": null,
                        "key": undefined,
                        "nodeType": "class",
                        "props": Object {
                          "children": "Graylag Goose (Domestic type) x Canada Goose (hybrid)",
                          "className": "bird-link",
                          "replace": false,
                          "to": "/hotspots/L1743685/gragoo4",
                        },
                        "ref": null,
                        "rendered": "Graylag Goose (Domestic type) x Canada Goose (hybrid)",
                        "type": [Function],
                      },
                      Object {
                        "instance": null,
                        "key": undefined,
                        "nodeType": "host",
                        "props": Object {
                          "checked": false,
                          "className": "checkbox-input",
                          "name": "gragoo4",
                          "onChange": [Function],
                          "type": "checkbox",
                        },
                        "ref": null,
                        "rendered": null,
                        "type": "input",
                      },
                    ],
                    "type": "div",
                  },
                  Object {
                    "instance": null,
                    "key": "2-mallar3",
                    "nodeType": "host",
                    "props": Object {
                      "children": Array [
                        <Link
                          className="bird-link"
                          replace={false}
                          to="/hotspots/L1743685/mallar3"
>
                          Mallard
</Link>,
                        <input
                          checked={false}
                          className="checkbox-input"
                          name="mallar3"
                          onChange={[Function]}
                          type="checkbox"
/>,
                      ],
                      "className": "bird",
                    },
                    "ref": null,
                    "rendered": Array [
                      Object {
                        "instance": null,
                        "key": undefined,
                        "nodeType": "class",
                        "props": Object {
                          "children": "Mallard",
                          "className": "bird-link",
                          "replace": false,
                          "to": "/hotspots/L1743685/mallar3",
                        },
                        "ref": null,
                        "rendered": "Mallard",
                        "type": [Function],
                      },
                      Object {
                        "instance": null,
                        "key": undefined,
                        "nodeType": "host",
                        "props": Object {
                          "checked": false,
                          "className": "checkbox-input",
                          "name": "mallar3",
                          "onChange": [Function],
                          "type": "checkbox",
                        },
                        "ref": null,
                        "rendered": null,
                        "type": "input",
                      },
                    ],
                    "type": "div",
                  },
                  Object {
                    "instance": null,
                    "key": "3-ribgul",
                    "nodeType": "host",
                    "props": Object {
                      "children": Array [
                        <Link
                          className="bird-link"
                          replace={false}
                          to="/hotspots/L1743685/ribgul"
>
                          Ring-billed Gull
</Link>,
                        <input
                          checked={false}
                          className="checkbox-input"
                          name="ribgul"
                          onChange={[Function]}
                          type="checkbox"
/>,
                      ],
                      "className": "bird",
                    },
                    "ref": null,
                    "rendered": Array [
                      Object {
                        "instance": null,
                        "key": undefined,
                        "nodeType": "class",
                        "props": Object {
                          "children": "Ring-billed Gull",
                          "className": "bird-link",
                          "replace": false,
                          "to": "/hotspots/L1743685/ribgul",
                        },
                        "ref": null,
                        "rendered": "Ring-billed Gull",
                        "type": [Function],
                      },
                      Object {
                        "instance": null,
                        "key": undefined,
                        "nodeType": "host",
                        "props": Object {
                          "checked": false,
                          "className": "checkbox-input",
                          "name": "ribgul",
                          "onChange": [Function],
                          "type": "checkbox",
                        },
                        "ref": null,
                        "rendered": null,
                        "type": "input",
                      },
                    ],
                    "type": "div",
                  },
                  Object {
                    "instance": null,
                    "key": "4-doccor",
                    "nodeType": "host",
                    "props": Object {
                      "children": Array [
                        <Link
                          className="bird-link"
                          replace={false}
                          to="/hotspots/L1743685/doccor"
>
                          Double-crested Cormorant
</Link>,
                        <input
                          checked={false}
                          className="checkbox-input"
                          name="doccor"
                          onChange={[Function]}
                          type="checkbox"
/>,
                      ],
                      "className": "bird",
                    },
                    "ref": null,
                    "rendered": Array [
                      Object {
                        "instance": null,
                        "key": undefined,
                        "nodeType": "class",
                        "props": Object {
                          "children": "Double-crested Cormorant",
                          "className": "bird-link",
                          "replace": false,
                          "to": "/hotspots/L1743685/doccor",
                        },
                        "ref": null,
                        "rendered": "Double-crested Cormorant",
                        "type": [Function],
                      },
                      Object {
                        "instance": null,
                        "key": undefined,
                        "nodeType": "host",
                        "props": Object {
                          "checked": false,
                          "className": "checkbox-input",
                          "name": "doccor",
                          "onChange": [Function],
                          "type": "checkbox",
                        },
                        "ref": null,
                        "rendered": null,
                        "type": "input",
                      },
                    ],
                    "type": "div",
                  },
                  Object {
                    "instance": null,
                    "key": "5-grbher3",
                    "nodeType": "host",
                    "props": Object {
                      "children": Array [
                        <Link
                          className="bird-link"
                          replace={false}
                          to="/hotspots/L1743685/grbher3"
>
                          Great Blue Heron
</Link>,
                        <input
                          checked={false}
                          className="checkbox-input"
                          name="grbher3"
                          onChange={[Function]}
                          type="checkbox"
/>,
                      ],
                      "className": "bird",
                    },
                    "ref": null,
                    "rendered": Array [
                      Object {
                        "instance": null,
                        "key": undefined,
                        "nodeType": "class",
                        "props": Object {
                          "children": "Great Blue Heron",
                          "className": "bird-link",
                          "replace": false,
                          "to": "/hotspots/L1743685/grbher3",
                        },
                        "ref": null,
                        "rendered": "Great Blue Heron",
                        "type": [Function],
                      },
                      Object {
                        "instance": null,
                        "key": undefined,
                        "nodeType": "host",
                        "props": Object {
                          "checked": false,
                          "className": "checkbox-input",
                          "name": "grbher3",
                          "onChange": [Function],
                          "type": "checkbox",
                        },
                        "ref": null,
                        "rendered": null,
                        "type": "input",
                      },
                    ],
                    "type": "div",
                  },
                ],
                "type": "form",
              },
              "type": "div",
            },
            Object {
              "instance": null,
              "key": undefined,
              "nodeType": "class",
              "props": Object {
                "children": "Tweet Recent Sighting!",
                "className": "twitter-button",
                "replace": false,
                "to": "/tweet",
              },
              "ref": null,
              "rendered": "Tweet Recent Sighting!",
              "type": [Function],
            },
          ],
          "type": "main",
        },
      ],
      "type": "div",
    },
  ],
  Symbol(enzyme.__options__): Object {
    "adapter": ReactSixteenAdapter {
      "options": Object {
        "enableComponentDidUpdateOnSetState": true,
        "lifecycles": Object {
          "componentDidUpdate": Object {
            "onSetState": true,
          },
          "getDerivedStateFromProps": true,
          "getSnapshotBeforeUpdate": true,
          "setState": Object {
            "skipsComponentDidUpdateOnNullish": true,
          },
        },
      },
    },
    "attachTo": undefined,
    "hydrateIn": undefined,
  },
}
`;
