// Jest Snapshot v1, https://goo.gl/fbAQLP

exports[`Leaderboard component it should match the snapshot 1`] = `
ShallowWrapper {
  Symbol(enzyme.__root__): [Circular],
  Symbol(enzyme.__unrendered__): <Leaderboard />,
  Symbol(enzyme.__renderer__): Object {
    "batchedUpdates": [Function],
    "getNode": [Function],
    "render": [Function],
    "simulateEvent": [Function],
    "unmount": [Function],
  },
  Symbol(enzyme.__node__): Object {
    "instance": null,
    "key": undefined,
    "nodeType": "host",
    "props": Object {
      "children": Array [
        <withRouter()
          currentPage="Leaderboard"
/>,
        <div
          className="main-content"
>
          <div
                    className="leader-row"
          >
                    <span>
                              Place
                    </span>
                    <span>
                              Name
                    </span>
                    <span>
                              Sightings
                    </span>
          </div>
</div>,
      ],
      "className": "leaderboard",
    },
    "ref": null,
    "rendered": Array [
      Object {
        "instance": null,
        "key": undefined,
        "nodeType": "function",
        "props": Object {
          "currentPage": "Leaderboard",
        },
        "ref": null,
        "rendered": null,
        "type": [Function],
      },
      Object {
        "instance": null,
        "key": undefined,
        "nodeType": "host",
        "props": Object {
          "children": Array [
            <div
              className="leader-row"
>
              <span>
                            Place
              </span>
              <span>
                            Name
              </span>
              <span>
                            Sightings
              </span>
</div>,
            undefined,
          ],
          "className": "main-content",
        },
        "ref": null,
        "rendered": Array [
          Object {
            "instance": null,
            "key": undefined,
            "nodeType": "host",
            "props": Object {
              "children": Array [
                <span>
                  Place
</span>,
                <span>
                  Name
</span>,
                <span>
                  Sightings
</span>,
              ],
              "className": "leader-row",
            },
            "ref": null,
            "rendered": Array [
              Object {
                "instance": null,
                "key": undefined,
                "nodeType": "host",
                "props": Object {
                  "children": "Place",
                },
                "ref": null,
                "rendered": "Place",
                "type": "span",
              },
              Object {
                "instance": null,
                "key": undefined,
                "nodeType": "host",
                "props": Object {
                  "children": "Name",
                },
                "ref": null,
                "rendered": "Name",
                "type": "span",
              },
              Object {
                "instance": null,
                "key": undefined,
                "nodeType": "host",
                "props": Object {
                  "children": "Sightings",
                },
                "ref": null,
                "rendered": "Sightings",
                "type": "span",
              },
            ],
            "type": "div",
          },
          undefined,
        ],
        "type": "div",
      },
    ],
    "type": "div",
  },
  Symbol(enzyme.__nodes__): Array [
    Object {
      "instance": null,
      "key": undefined,
      "nodeType": "host",
      "props": Object {
        "children": Array [
          <withRouter()
            currentPage="Leaderboard"
/>,
          <div
            className="main-content"
>
            <div
                        className="leader-row"
            >
                        <span>
                                    Place
                        </span>
                        <span>
                                    Name
                        </span>
                        <span>
                                    Sightings
                        </span>
            </div>
</div>,
        ],
        "className": "leaderboard",
      },
      "ref": null,
      "rendered": Array [
        Object {
          "instance": null,
          "key": undefined,
          "nodeType": "function",
          "props": Object {
            "currentPage": "Leaderboard",
          },
          "ref": null,
          "rendered": null,
          "type": [Function],
        },
        Object {
          "instance": null,
          "key": undefined,
          "nodeType": "host",
          "props": Object {
            "children": Array [
              <div
                className="leader-row"
>
                <span>
                                Place
                </span>
                <span>
                                Name
                </span>
                <span>
                                Sightings
                </span>
</div>,
              undefined,
            ],
            "className": "main-content",
          },
          "ref": null,
          "rendered": Array [
            Object {
              "instance": null,
              "key": undefined,
              "nodeType": "host",
              "props": Object {
                "children": Array [
                  <span>
                    Place
</span>,
                  <span>
                    Name
</span>,
                  <span>
                    Sightings
</span>,
                ],
                "className": "leader-row",
              },
              "ref": null,
              "rendered": Array [
                Object {
                  "instance": null,
                  "key": undefined,
                  "nodeType": "host",
                  "props": Object {
                    "children": "Place",
                  },
                  "ref": null,
                  "rendered": "Place",
                  "type": "span",
                },
                Object {
                  "instance": null,
                  "key": undefined,
                  "nodeType": "host",
                  "props": Object {
                    "children": "Name",
                  },
                  "ref": null,
                  "rendered": "Name",
                  "type": "span",
                },
                Object {
                  "instance": null,
                  "key": undefined,
                  "nodeType": "host",
                  "props": Object {
                    "children": "Sightings",
                  },
                  "ref": null,
                  "rendered": "Sightings",
                  "type": "span",
                },
              ],
              "type": "div",
            },
            undefined,
          ],
          "type": "div",
        },
      ],
      "type": "div",
    },
  ],
  Symbol(enzyme.__options__): Object {
    "adapter": ReactSixteenAdapter {
      "options": Object {
        "enableComponentDidUpdateOnSetState": true,
        "lifecycles": Object {
          "componentDidUpdate": Object {
            "onSetState": true,
          },
          "getDerivedStateFromProps": true,
          "getSnapshotBeforeUpdate": true,
          "setState": Object {
            "skipsComponentDidUpdateOnNullish": true,
          },
        },
      },
    },
    "attachTo": undefined,
    "hydrateIn": undefined,
  },
}
`;
